2026-09-30 15:19:45,107 | INFO | root | Logging initialized for 'explain_model'. Writing to logs\explain_model_20260930_151945.log
2026-09-30 15:19:46,006 | INFO | src.models.train | Loaded suspect model from models\suspect_model.joblib (trained 2026-09-30T12:58:47, 17 features)
2026-09-30 15:19:46,110 | INFO | root | Computing SHAP for suspect on 7067 train rows...
2026-09-30 15:19:50,130 | INFO | root | ======================================================================
2026-09-30 15:19:50,130 | INFO | root | SUSPECT SHAP IMPORTANCE RANKING
2026-09-30 15:19:50,130 | INFO | root |   ACTIVE_CONTACT_COUNT                     1.05637  (23.2%)
2026-09-30 15:19:50,133 | INFO | root |   DOMINANT_LEADSOURCE                      0.49018  (10.8%)
2026-09-30 15:19:50,134 | INFO | root |   HEADCOUNT                                0.45319  (10.0%)
2026-09-30 15:19:50,134 | INFO | root |   SECTOR                                   0.44091  (9.7%)
2026-09-30 15:19:50,134 | INFO | root |   JOBCAT_OPERATIONS_COUNT                  0.37603  (8.3%)
2026-09-30 15:19:50,135 | INFO | root |   JOBCAT_FINANCE_PROCUREMENT_COUNT         0.33844  (7.4%)
2026-09-30 15:19:50,135 | INFO | root |   VERTICAL                                 0.28979  (6.4%)
2026-09-30 15:19:50,135 | INFO | root |   PCT_CONTACTS_CAN_CONTACT                 0.27755  (6.1%)
2026-09-30 15:19:50,136 | INFO | root |   JOBCAT_UNKNOWN_COUNT                     0.26387  (5.8%)
2026-09-30 15:19:50,136 | INFO | root |   RECORDTYPE_NAME                          0.21273  (4.7%)
2026-09-30 15:19:50,136 | INFO | root |   JOBCAT_VERTICAL_ROLE_COUNT               0.11496  (2.5%)
2026-09-30 15:19:50,137 | INFO | root |   JOBCAT_EXECUTIVE_COUNT                   0.06227  (1.4%)
2026-09-30 15:19:50,137 | INFO | root |   JOBCAT_IT_COUNT                          0.05224  (1.1%)
2026-09-30 15:19:50,137 | INFO | root |   DAYS_IN_SUSPECT                          0.03995  (0.9%)
2026-09-30 15:19:50,137 | INFO | root |   JOBCAT_PEOPLE_GOVERNANCE_COUNT           0.03464  (0.8%)
2026-09-30 15:19:50,138 | INFO | root |   JOBCAT_MARKETING_COUNT                   0.03405  (0.7%)
2026-09-30 15:19:50,138 | INFO | root |   IS_REMOTE_GEO                            0.00739  (0.2%)
2026-09-30 15:19:50,138 | INFO | root | ======================================================================
2026-09-30 15:19:50,138 | INFO | root | DIRECTION (weighted mean signed SHAP; skewed toward LOST because most rows are losses)
2026-09-30 15:19:50,141 | INFO | root |   JOBCAT_IT_COUNT                          +0.00066  (toward WON)
2026-09-30 15:19:50,141 | INFO | root |   IS_REMOTE_GEO                            -0.00159  (toward LOST)
2026-09-30 15:19:50,142 | INFO | root |   DAYS_IN_SUSPECT                          -0.00580  (toward LOST)
2026-09-30 15:19:50,142 | INFO | root |   JOBCAT_MARKETING_COUNT                   -0.00822  (toward LOST)
2026-09-30 15:19:50,142 | INFO | root |   JOBCAT_VERTICAL_ROLE_COUNT               -0.01122  (toward LOST)
2026-09-30 15:19:50,143 | INFO | root |   JOBCAT_PEOPLE_GOVERNANCE_COUNT           -0.01344  (toward LOST)
2026-09-30 15:19:50,143 | INFO | root |   JOBCAT_EXECUTIVE_COUNT                   -0.02159  (toward LOST)
2026-09-30 15:19:50,143 | INFO | root |   RECORDTYPE_NAME                          -0.05741  (toward LOST)
2026-09-30 15:19:50,143 | INFO | root |   JOBCAT_FINANCE_PROCUREMENT_COUNT         -0.10636  (toward LOST)
2026-09-30 15:19:50,143 | INFO | root |   JOBCAT_UNKNOWN_COUNT                     -0.13358  (toward LOST)
2026-09-30 15:19:50,144 | INFO | root |   VERTICAL                                 -0.13553  (toward LOST)
2026-09-30 15:19:50,144 | INFO | root |   PCT_CONTACTS_CAN_CONTACT                 -0.16120  (toward LOST)
2026-09-30 15:19:50,144 | INFO | root |   SECTOR                                   -0.17470  (toward LOST)
2026-09-30 15:19:50,144 | INFO | root |   HEADCOUNT                                -0.18194  (toward LOST)
2026-09-30 15:19:50,145 | INFO | root |   JOBCAT_OPERATIONS_COUNT                  -0.18457  (toward LOST)
2026-09-30 15:19:50,145 | INFO | root |   DOMINANT_LEADSOURCE                      -0.26543  (toward LOST)
2026-09-30 15:19:50,145 | INFO | root |   ACTIVE_CONTACT_COUNT                     -0.74828  (toward LOST)
2026-09-30 15:19:51,893 | INFO | root | Saved reports\suspect_shap_ranking.csv and reports\suspect_shap_summary.png
2026-09-30 15:19:51,925 | INFO | src.models.train | Loaded prospect_plus model from models\prospect_plus_model.joblib (trained 2026-09-30T12:59:00, 64 features)
2026-09-30 15:19:51,988 | INFO | root | Computing SHAP for prospect_plus on 2693 train rows...
2026-09-30 15:19:52,234 | INFO | root | ======================================================================
2026-09-30 15:19:52,234 | INFO | root | PROSPECT_PLUS SHAP IMPORTANCE RANKING
2026-09-30 15:19:52,235 | INFO | root |   AMOUNT                                   1.42980  (16.8%)
2026-09-30 15:19:52,235 | INFO | root |   MAX_STAGE_REACHED                        1.22468  (14.4%)
2026-09-30 15:19:52,235 | INFO | root |   acct_meet_share                          0.90235  (10.6%)
2026-09-30 15:19:52,236 | INFO | root |   AMOUNT_BUCKET                            0.84018  (9.9%)
2026-09-30 15:19:52,236 | INFO | root |   SECTOR                                   0.64527  (7.6%)
2026-09-30 15:19:52,237 | INFO | root |   CYCLE_LENGTH_DAYS                        0.48020  (5.6%)
2026-09-30 15:19:52,237 | INFO | root |   HEADCOUNT                                0.46911  (5.5%)
2026-09-30 15:19:52,237 | INFO | root |   DOMINANT_LEADSOURCE                      0.28886  (3.4%)
2026-09-30 15:19:52,237 | INFO | root |   ACTIVE_CONTACT_COUNT                     0.24521  (2.9%)
2026-09-30 15:19:52,237 | INFO | root |   acct_meet_share_stage2                   0.19839  (2.3%)
2026-09-30 15:19:52,237 | INFO | root |   JOBCAT_OPERATIONS_COUNT                  0.19493  (2.3%)
2026-09-30 15:19:52,238 | INFO | root |   PCT_CONTACTS_CAN_CONTACT                 0.19440  (2.3%)
2026-09-30 15:19:52,238 | INFO | root |   acct_total_activity                      0.17329  (2.0%)
2026-09-30 15:19:52,238 | INFO | root |   JOBCAT_FINANCE_PROCUREMENT_COUNT         0.16681  (2.0%)
2026-09-30 15:19:52,239 | INFO | root |   JOBCAT_UNKNOWN_COUNT                     0.15756  (1.9%)
2026-09-30 15:19:52,239 | INFO | root |   ACCT_CADENCE_COUNT_STAGE2                0.15182  (1.8%)
2026-09-30 15:19:52,239 | INFO | root |   acct_call_share_stage3                   0.11449  (1.3%)
2026-09-30 15:19:52,239 | INFO | root |   BACKWARD_MOVE_COUNT                      0.07318  (0.9%)
2026-09-30 15:19:52,239 | INFO | root |   VERTICAL                                 0.06022  (0.7%)
2026-09-30 15:19:52,240 | INFO | root |   JOBCAT_VERTICAL_ROLE_COUNT               0.05805  (0.7%)
2026-09-30 15:19:52,240 | INFO | root |   acct_call_share                          0.05567  (0.7%)
2026-09-30 15:19:52,241 | INFO | root |   ACCT_EMAIL_COUNT_STAGE2                  0.04863  (0.6%)
2026-09-30 15:19:52,241 | INFO | root |   ACCT_MEET_COUNT_STAGE2                   0.03825  (0.4%)
2026-09-30 15:19:52,241 | INFO | root |   ACCT_TASK_COUNT_STAGE1                   0.02646  (0.3%)
2026-09-30 15:19:52,241 | INFO | root |   RECORDTYPE_NAME                          0.02510  (0.3%)
2026-09-30 15:19:52,242 | INFO | root |   ACCT_CALL_COUNT_STAGE3                   0.02462  (0.3%)
2026-09-30 15:19:52,242 | INFO | root |   acct_meet_share_stage5                   0.02304  (0.3%)
2026-09-30 15:19:52,242 | INFO | root |   acct_call_share_stage2                   0.01918  (0.2%)
2026-09-30 15:19:52,243 | INFO | root |   acct_call_share_stage1                   0.01912  (0.2%)
2026-09-30 15:19:52,243 | INFO | root |   ACCT_CALL_COUNT_STAGE1                   0.01895  (0.2%)
2026-09-30 15:19:52,243 | INFO | root |   ACCT_EMAIL_COUNT_STAGE3                  0.01808  (0.2%)
2026-09-30 15:19:52,244 | INFO | root |   ACCT_CALL_COUNT_STAGE2                   0.01557  (0.2%)
2026-09-30 15:19:52,244 | INFO | root |   acct_meet_share_stage3                   0.01417  (0.2%)
2026-09-30 15:19:52,244 | INFO | root |   ACCT_CADENCE_COUNT_STAGE1                0.01386  (0.2%)
2026-09-30 15:19:52,244 | INFO | root |   ACCT_EMAIL_COUNT_STAGE4                  0.01108  (0.1%)
2026-09-30 15:19:52,244 | INFO | root |   ACCT_TASK_COUNT_STAGE5                   0.01014  (0.1%)
2026-09-30 15:19:52,245 | INFO | root |   ACCT_TASK_COUNT_STAGE2                   0.00857  (0.1%)
2026-09-30 15:19:52,246 | INFO | root |   JOBCAT_IT_COUNT                          0.00747  (0.1%)
2026-09-30 15:19:52,246 | INFO | root |   JOBCAT_EXECUTIVE_COUNT                   0.00698  (0.1%)
2026-09-30 15:19:52,246 | INFO | root |   JOBCAT_PEOPLE_GOVERNANCE_COUNT           0.00615  (0.1%)
2026-09-30 15:19:52,247 | INFO | root |   ACCT_MEET_COUNT_STAGE3                   0.00609  (0.1%)
2026-09-30 15:19:52,247 | INFO | root |   acct_meet_share_stage1                   0.00579  (0.1%)
2026-09-30 15:19:52,247 | INFO | root |   acct_meet_share_stage4                   0.00532  (0.1%)
2026-09-30 15:19:52,248 | INFO | root |   ACCT_TASK_COUNT_STAGE3                   0.00299  (0.0%)
2026-09-30 15:19:52,248 | INFO | root |   ACCT_EMAIL_COUNT_STAGE5                  0.00290  (0.0%)
2026-09-30 15:19:52,249 | INFO | root |   acct_call_share_stage5                   0.00290  (0.0%)
2026-09-30 15:19:52,249 | INFO | root |   ACCT_EMAIL_COUNT_STAGE1                  0.00281  (0.0%)
2026-09-30 15:19:52,249 | INFO | root |   JOBCAT_MARKETING_COUNT                   0.00175  (0.0%)
2026-09-30 15:19:52,249 | INFO | root |   ACCT_LISTEMAIL_COUNT_STAGE2              0.00144  (0.0%)
2026-09-30 15:19:52,250 | INFO | root |   ACCT_CADENCE_COUNT_STAGE3                0.00122  (0.0%)
2026-09-30 15:19:52,250 | INFO | root |   ACCT_TASK_COUNT_STAGE4                   0.00013  (0.0%)
2026-09-30 15:19:52,250 | INFO | root |   IS_REMOTE_GEO                            0.00000  (0.0%)
2026-09-30 15:19:52,251 | INFO | root |   ACCT_LISTEMAIL_COUNT_STAGE1              0.00000  (0.0%)
2026-09-30 15:19:52,251 | INFO | root |   ACCT_CADENCE_COUNT_STAGE5                0.00000  (0.0%)
2026-09-30 15:19:52,251 | INFO | root |   ACCT_CADENCE_COUNT_STAGE4                0.00000  (0.0%)
2026-09-30 15:19:52,251 | INFO | root |   ACCT_LISTEMAIL_COUNT_STAGE5              0.00000  (0.0%)
2026-09-30 15:19:52,252 | INFO | root |   ACCT_MEET_COUNT_STAGE1                   0.00000  (0.0%)
2026-09-30 15:19:52,252 | INFO | root |   ACCT_CALL_COUNT_STAGE5                   0.00000  (0.0%)
2026-09-30 15:19:52,252 | INFO | root |   ACCT_CALL_COUNT_STAGE4                   0.00000  (0.0%)
2026-09-30 15:19:52,253 | INFO | root |   ACCT_LISTEMAIL_COUNT_STAGE4              0.00000  (0.0%)
2026-09-30 15:19:52,253 | INFO | root |   ACCT_LISTEMAIL_COUNT_STAGE3              0.00000  (0.0%)
2026-09-30 15:19:52,253 | INFO | root |   ACCT_MEET_COUNT_STAGE5                   0.00000  (0.0%)
2026-09-30 15:19:52,253 | INFO | root |   ACCT_MEET_COUNT_STAGE4                   0.00000  (0.0%)
2026-09-30 15:19:52,253 | INFO | root |   acct_call_share_stage4                   0.00000  (0.0%)
2026-09-30 15:19:52,255 | INFO | root | ======================================================================
2026-09-30 15:19:52,255 | INFO | root | CALL vs MEETING: calls 0.2705 | meetings 1.1934 -> meetings/calls = 4.41x
2026-09-30 15:19:52,255 | INFO | root | ======================================================================
2026-09-30 15:19:52,255 | INFO | root | DIRECTION (weighted mean signed SHAP; skewed toward LOST because most rows are losses)
2026-09-30 15:19:52,257 | INFO | root |   BACKWARD_MOVE_COUNT                      +0.00722  (toward WON)
2026-09-30 15:19:52,258 | INFO | root |   ACCT_EMAIL_COUNT_STAGE2                  +0.00386  (toward WON)
2026-09-30 15:19:52,258 | INFO | root |   ACCT_TASK_COUNT_STAGE3                   +0.00109  (toward WON)
2026-09-30 15:19:52,258 | INFO | root |   ACCT_CADENCE_COUNT_STAGE3                +0.00061  (toward WON)
2026-09-30 15:19:52,258 | INFO | root |   ACCT_TASK_COUNT_STAGE4                   +0.00011  (toward WON)
2026-09-30 15:19:52,258 | INFO | root |   JOBCAT_MARKETING_COUNT                   +0.00008  (toward WON)
2026-09-30 15:19:52,258 | INFO | root |   ACCT_CADENCE_COUNT_STAGE4                +0.00000  (toward LOST)
2026-09-30 15:19:52,259 | INFO | root |   IS_REMOTE_GEO                            +0.00000  (toward LOST)
2026-09-30 15:19:52,259 | INFO | root |   ACCT_LISTEMAIL_COUNT_STAGE1              +0.00000  (toward LOST)
2026-09-30 15:19:52,259 | INFO | root |   ACCT_CALL_COUNT_STAGE5                   +0.00000  (toward LOST)
2026-09-30 15:19:52,259 | INFO | root |   ACCT_CALL_COUNT_STAGE4                   +0.00000  (toward LOST)
2026-09-30 15:19:52,259 | INFO | root |   ACCT_MEET_COUNT_STAGE1                   +0.00000  (toward LOST)
2026-09-30 15:19:52,259 | INFO | root |   ACCT_LISTEMAIL_COUNT_STAGE4              +0.00000  (toward LOST)
2026-09-30 15:19:52,259 | INFO | root |   ACCT_LISTEMAIL_COUNT_STAGE5              +0.00000  (toward LOST)
2026-09-30 15:19:52,259 | INFO | root |   ACCT_LISTEMAIL_COUNT_STAGE3              +0.00000  (toward LOST)
2026-09-30 15:19:52,259 | INFO | root |   ACCT_CADENCE_COUNT_STAGE5                +0.00000  (toward LOST)
2026-09-30 15:19:52,259 | INFO | root |   ACCT_MEET_COUNT_STAGE4                   +0.00000  (toward LOST)
2026-09-30 15:19:52,259 | INFO | root |   ACCT_MEET_COUNT_STAGE5                   +0.00000  (toward LOST)
2026-09-30 15:19:52,260 | INFO | root |   acct_call_share_stage4                   +0.00000  (toward LOST)
2026-09-30 15:19:52,260 | INFO | root |   ACCT_LISTEMAIL_COUNT_STAGE2              -0.00096  (toward LOST)
2026-09-30 15:19:52,260 | INFO | root |   ACCT_EMAIL_COUNT_STAGE1                  -0.00096  (toward LOST)
2026-09-30 15:19:52,260 | INFO | root |   ACCT_TASK_COUNT_STAGE2                   -0.00124  (toward LOST)
2026-09-30 15:19:52,260 | INFO | root |   ACCT_EMAIL_COUNT_STAGE5                  -0.00190  (toward LOST)
2026-09-30 15:19:52,260 | INFO | root |   acct_call_share_stage5                   -0.00210  (toward LOST)
2026-09-30 15:19:52,260 | INFO | root |   acct_meet_share_stage4                   -0.00211  (toward LOST)
2026-09-30 15:19:52,260 | INFO | root |   acct_meet_share_stage1                   -0.00396  (toward LOST)
2026-09-30 15:19:52,261 | INFO | root |   acct_meet_share_stage3                   -0.00403  (toward LOST)
2026-09-30 15:19:52,261 | INFO | root |   ACCT_CADENCE_COUNT_STAGE1                -0.00425  (toward LOST)
2026-09-30 15:19:52,262 | INFO | root |   ACCT_MEET_COUNT_STAGE3                   -0.00428  (toward LOST)
2026-09-30 15:19:52,262 | INFO | root |   JOBCAT_EXECUTIVE_COUNT                   -0.00439  (toward LOST)
2026-09-30 15:19:52,263 | INFO | root |   JOBCAT_IT_COUNT                          -0.00451  (toward LOST)
2026-09-30 15:19:52,263 | INFO | root |   JOBCAT_PEOPLE_GOVERNANCE_COUNT           -0.00485  (toward LOST)
2026-09-30 15:19:52,263 | INFO | root |   ACCT_CALL_COUNT_STAGE2                   -0.00553  (toward LOST)
2026-09-30 15:19:52,263 | INFO | root |   ACCT_TASK_COUNT_STAGE5                   -0.00625  (toward LOST)
2026-09-30 15:19:52,264 | INFO | root |   ACCT_EMAIL_COUNT_STAGE4                  -0.00657  (toward LOST)
2026-09-30 15:19:52,264 | INFO | root |   RECORDTYPE_NAME                          -0.00661  (toward LOST)
2026-09-30 15:19:52,264 | INFO | root |   ACCT_CALL_COUNT_STAGE1                   -0.00982  (toward LOST)
2026-09-30 15:19:52,264 | INFO | root |   acct_call_share_stage1                   -0.01101  (toward LOST)
2026-09-30 15:19:52,265 | INFO | root |   ACCT_TASK_COUNT_STAGE1                   -0.01275  (toward LOST)
2026-09-30 15:19:52,265 | INFO | root |   ACCT_EMAIL_COUNT_STAGE3                  -0.01282  (toward LOST)
2026-09-30 15:19:52,265 | INFO | root |   acct_call_share                          -0.01284  (toward LOST)
2026-09-30 15:19:52,265 | INFO | root |   acct_call_share_stage2                   -0.01550  (toward LOST)
2026-09-30 15:19:52,266 | INFO | root |   ACCT_CALL_COUNT_STAGE3                   -0.01990  (toward LOST)
2026-09-30 15:19:52,266 | INFO | root |   acct_meet_share_stage5                   -0.02056  (toward LOST)
2026-09-30 15:19:52,266 | INFO | root |   ACCT_MEET_COUNT_STAGE2                   -0.02614  (toward LOST)
2026-09-30 15:19:52,266 | INFO | root |   JOBCAT_VERTICAL_ROLE_COUNT               -0.02841  (toward LOST)
2026-09-30 15:19:52,266 | INFO | root |   VERTICAL                                 -0.03134  (toward LOST)
2026-09-30 15:19:52,266 | INFO | root |   JOBCAT_FINANCE_PROCUREMENT_COUNT         -0.05005  (toward LOST)
2026-09-30 15:19:52,267 | INFO | root |   ACCT_CADENCE_COUNT_STAGE2                -0.05212  (toward LOST)
2026-09-30 15:19:52,267 | INFO | root |   acct_call_share_stage3                   -0.06202  (toward LOST)
2026-09-30 15:19:52,267 | INFO | root |   PCT_CONTACTS_CAN_CONTACT                 -0.07157  (toward LOST)
2026-09-30 15:19:52,268 | INFO | root |   JOBCAT_OPERATIONS_COUNT                  -0.07606  (toward LOST)
2026-09-30 15:19:52,268 | INFO | root |   DOMINANT_LEADSOURCE                      -0.07617  (toward LOST)
2026-09-30 15:19:52,269 | INFO | root |   acct_total_activity                      -0.08773  (toward LOST)
2026-09-30 15:19:52,269 | INFO | root |   JOBCAT_UNKNOWN_COUNT                     -0.09311  (toward LOST)
2026-09-30 15:19:52,269 | INFO | root |   acct_meet_share_stage2                   -0.12399  (toward LOST)
2026-09-30 15:19:52,269 | INFO | root |   HEADCOUNT                                -0.13050  (toward LOST)
2026-09-30 15:19:52,270 | INFO | root |   ACTIVE_CONTACT_COUNT                     -0.14152  (toward LOST)
2026-09-30 15:19:52,270 | INFO | root |   CYCLE_LENGTH_DAYS                        -0.17848  (toward LOST)
2026-09-30 15:19:52,270 | INFO | root |   SECTOR                                   -0.37318  (toward LOST)
2026-09-30 15:19:52,270 | INFO | root |   acct_meet_share                          -0.54812  (toward LOST)
2026-09-30 15:19:52,271 | INFO | root |   AMOUNT_BUCKET                            -0.56324  (toward LOST)
2026-09-30 15:19:52,271 | INFO | root |   MAX_STAGE_REACHED                        -0.78790  (toward LOST)
2026-09-30 15:19:52,271 | INFO | root |   AMOUNT                                   -1.07257  (toward LOST)
2026-09-30 15:19:53,488 | INFO | root | Saved reports\prospect_plus_shap_ranking.csv and reports\prospect_plus_shap_summary.png
