2026-09-30 15:22:48,077 | INFO | root | Logging initialized for 'summarize_scores'. Writing to logs\summarize_scores_20260930_152248.log
2026-09-30 15:22:48,187 | INFO | root | 21795 scored open opps | 712 skipped for owner reassignment
2026-09-30 15:22:48,192 | INFO | root | ======================================================================
2026-09-30 15:22:48,192 | INFO | root | SCORE DISTRIBUTION
2026-09-30 15:22:48,198 | INFO | root |   <1%       11799 (54.1%)
2026-09-30 15:22:48,198 | INFO | root |   1-5%       4775 (21.9%)
2026-09-30 15:22:48,198 | INFO | root |   5-10%      2259 (10.4%)
2026-09-30 15:22:48,199 | INFO | root |   10-25%     1710 (7.8%)
2026-09-30 15:22:48,199 | INFO | root |   25-50%      701 (3.2%)
2026-09-30 15:22:48,199 | INFO | root |   50-75%      299 (1.4%)
2026-09-30 15:22:48,200 | INFO | root |   75-100%     252 (1.2%)
2026-09-30 15:22:48,200 | INFO | root | ======================================================================
2026-09-30 15:22:48,200 | INFO | root | BY MODEL
2026-09-30 15:22:48,211 | INFO | root |   prospect_plus  n=10446  mean=0.056  predicted win=429
2026-09-30 15:22:48,213 | INFO | root |   suspect        n=11349  mean=0.056  predicted win=122
2026-09-30 15:22:48,213 | INFO | root | ======================================================================
2026-09-30 15:22:48,214 | INFO | root | BY CURRENT STAGE (sanity check: should rise with stage)
2026-09-30 15:22:48,221 | INFO | root |   Prospect                       n=9419   mean=0.0310
2026-09-30 15:22:48,221 | INFO | root |   Suspect                        n=11470  mean=0.0554
2026-09-30 15:22:48,222 | INFO | root |   Engaged                        n=722    mean=0.2558
2026-09-30 15:22:48,222 | INFO | root |   Negotiating                    n=100    mean=0.5044
2026-09-30 15:22:48,222 | INFO | root |   Contracting / Implementation   n=83     mean=0.7431
2026-09-30 15:22:48,223 | INFO | root |   OMNIA PARTNERS                 n=1      mean=0.7809
2026-09-30 15:22:48,223 | INFO | root | ======================================================================
2026-09-30 15:22:48,224 | INFO | root | FLAGS: Prospect Desk (untriaged) 2104 | Dead Queue 135
2026-09-30 15:22:48,231 | INFO | root | ======================================================================
2026-09-30 15:22:48,231 | INFO | root | TOP 25 BY WIN PROBABILITY
2026-09-30 15:22:48,233 | INFO | root |   006Ki000003tRPbIAM   Contracting / Implementation HC     $     24000   99.3%  [prospect_plus]
2026-09-30 15:22:48,233 | INFO | root |   006Ki000003ql2aIAA   Negotiating                  PS     $     70000   99.2%  [prospect_plus]
2026-09-30 15:22:48,235 | INFO | root |   006Ki000003qkwNIAQ   Negotiating                  PS     $      5000   99.1%  [prospect_plus]
2026-09-30 15:22:48,235 | INFO | root |   006hU000005XpP4QAK   Contracting / Implementation PS     $     25000   99.1%  [prospect_plus]
2026-09-30 15:22:48,236 | INFO | root |   006Ki000003qlVqIAI   Negotiating                  PS     $     30000   99.0%  [prospect_plus]
2026-09-30 15:22:48,237 | INFO | root |   006Ki000007BtNJIA0   Negotiating                  FS     $     25000   98.8%  [prospect_plus]
2026-09-30 15:22:48,237 | INFO | root |   006Ki000003qksGIAQ   Negotiating                  PS     $      2000   98.8%  [prospect_plus]
2026-09-30 15:22:48,237 | INFO | root |   006hU000004xTOhQAM   Negotiating                  CM     $     15000   98.8%  [prospect_plus]
2026-09-30 15:22:48,239 | INFO | root |   0063t0000173Q46AAE   Contracting / Implementation PS     $     35000   98.8%  [prospect_plus]
2026-09-30 15:22:48,239 | INFO | root |   0063t00001c74LbAAI   Negotiating                  PS     $     70000   98.6%  [prospect_plus]
2026-09-30 15:22:48,240 | INFO | root |   006Ki000007C6cOIAS   Prospect                     PS     $     10000   98.6%  [prospect_plus]
2026-09-30 15:22:48,240 | INFO | root |   006Ki000007C6cVIAS   Prospect                     PS     $     10000   98.6%  [prospect_plus]
2026-09-30 15:22:48,241 | INFO | root |   006Ki000007C6cXIAS   Prospect                     PS     $     10000   98.6%  [prospect_plus]
2026-09-30 15:22:48,241 | INFO | root |   006Ki000007C6cQIAS   Prospect                     PS     $     10000   98.6%  [prospect_plus]
2026-09-30 15:22:48,242 | INFO | root |   006Ki000007C6cTIAS   Prospect                     PS     $     10000   98.6%  [prospect_plus]
2026-09-30 15:22:48,242 | INFO | root |   006Ki000007C6cSIAS   Prospect                     PS     $     10000   98.6%  [prospect_plus]
2026-09-30 15:22:48,243 | INFO | root |   006Ki000007C6cLIAS   Prospect                     PS     $     10000   98.6%  [prospect_plus]
2026-09-30 15:22:48,243 | INFO | root |   006Ki000007C6cNIAS   Prospect                     PS     $     10000   98.6%  [prospect_plus]
2026-09-30 15:22:48,243 | INFO | root |   006Ki000007C6cUIAS   Prospect                     PS     $     10000   98.6%  [prospect_plus]
2026-09-30 15:22:48,244 | INFO | root |   006Ki000007C6cPIAS   Prospect                     PS     $     10000   98.6%  [prospect_plus]
2026-09-30 15:22:48,244 | INFO | root |   006Ki000007CYnBIAW   Negotiating                  CM     $      5000   98.6%  [prospect_plus]
2026-09-30 15:22:48,244 | INFO | root |   006Ki000003tRdIIAU   Negotiating                  HC     $     10000   98.5%  [prospect_plus]
2026-09-30 15:22:48,245 | INFO | root |   006Ki000004EWMBIA4   Negotiating                  CM     $      8800   98.2%  [prospect_plus]
2026-09-30 15:22:48,245 | INFO | root |   006Ki000003qlADIAY   Negotiating                  PS     $     30000   98.1%  [prospect_plus]
2026-09-30 15:22:48,246 | INFO | root |   006hU000002X8thQAC   Contracting / Implementation CM     $     40000   98.1%  [prospect_plus]
